Warning: The cache directory for DeepSpeed Triton autotune, /dcs/pg24/u5649209/.triton/autotune, appears to be on an NFS system. While this is generally acceptable, if you experience slowdowns or hanging when DeepSpeed exits, it is recommended to set the TRITON_CACHE_DIR environment variable to a non-NFS path.
output_dir ./dog-base
PyTorch version is >= 2.5.0, check pass.
num_train_epochs: 50
Step 0: Loss = 0.15562286972999573
Step 1: Loss = 0.1364627480506897
Step 2: Loss = 0.12658286094665527
Step 3: Loss = 0.1472025066614151
Step 4: Loss = 0.1533680260181427
Step 5: Loss = 0.1578942984342575
Step 6: Loss = 0.1695498526096344
Step 7: Loss = 0.140798419713974
Step 8: Loss = 0.10549281537532806
Step 9: Loss = 0.15535154938697815
Step 10: Loss = 0.10767335444688797
Step 11: Loss = 0.14183245599269867
Step 12: Loss = 0.13190430402755737
Step 13: Loss = 0.09546047449111938
Step 14: Loss = 0.103737011551857
Step 15: Loss = 0.08685740828514099
Step 16: Loss = 0.12420575320720673
Step 17: Loss = 0.1177380159497261
Step 18: Loss = 0.09846686571836472
Step 19: Loss = 0.11013335734605789
Step 20: Loss = 0.08551560342311859
Step 21: Loss = 0.11332303285598755
Step 22: Loss = 0.1228148341178894
Step 23: Loss = 0.12257890403270721
Step 24: Loss = 0.10677766799926758
Step 25: Loss = 0.11344065517187119
Step 26: Loss = 0.11866836994886398
Step 27: Loss = 0.1026005893945694
Step 28: Loss = 0.11320312321186066
Step 29: Loss = 0.08873964846134186
Step 30: Loss = 0.09339317679405212
Step 31: Loss = 0.11699631810188293
Step 32: Loss = 0.14228296279907227
Step 33: Loss = 0.11961624026298523
Step 34: Loss = 0.08381190896034241
Step 35: Loss = 0.12672623991966248
Step 36: Loss = 0.08995255827903748
Step 37: Loss = 0.10070596635341644
Step 38: Loss = 0.12153307348489761
Step 39: Loss = 0.12531429529190063
Step 40: Loss = 0.1854695975780487
Step 41: Loss = 0.10152679681777954
Step 42: Loss = 0.09959618747234344
Step 43: Loss = 0.10279018431901932
Step 44: Loss = 0.10544078797101974
Step 45: Loss = 0.09556299448013306
Step 46: Loss = 0.13127698004245758
Step 47: Loss = 0.08910402655601501
Step 48: Loss = 0.08168075978755951
Step 49: Loss = 0.1034427359700203
Step 50: Loss = 0.10871540755033493
Step 51: Loss = 0.09465594589710236
Step 52: Loss = 0.10073059052228928
Step 53: Loss = 0.16054828464984894
Step 54: Loss = 0.08707824349403381
Step 55: Loss = 0.08989571779966354
Step 56: Loss = 0.24268338084220886
Step 57: Loss = 0.14318576455116272
Step 58: Loss = 0.11466144025325775
Step 59: Loss = 0.0994882881641388
Step 60: Loss = 0.09833303093910217
Step 61: Loss = 0.18444138765335083
Step 62: Loss = 0.10101744532585144
Step 63: Loss = 0.12775573134422302
Step 64: Loss = 0.09452328085899353
Step 65: Loss = 0.09953472018241882
Step 66: Loss = 0.09466062486171722
Step 67: Loss = 0.09410165250301361
Step 68: Loss = 0.12122809141874313
Step 69: Loss = 0.08304893970489502
Step 70: Loss = 0.08658520877361298
Step 71: Loss = 0.07797543704509735
Step 72: Loss = 0.12875106930732727
Step 73: Loss = 0.09958454966545105
Step 74: Loss = 0.09688355028629303
Step 75: Loss = 0.11465823650360107
Step 76: Loss = 0.0848848819732666
Step 77: Loss = 0.10064180195331573
Step 78: Loss = 0.08763721585273743
Step 79: Loss = 0.08214955031871796
Step 80: Loss = 0.08832888305187225
Step 81: Loss = 0.08164747059345245
Step 82: Loss = 0.12381251901388168
Step 83: Loss = 0.09764770418405533
Step 84: Loss = 0.10384710133075714
Step 85: Loss = 0.09828783571720123
Step 86: Loss = 0.08702436089515686
Step 87: Loss = 0.08715091645717621
Step 88: Loss = 0.07818138599395752
Step 89: Loss = 0.09123055636882782
Step 90: Loss = 0.09174388647079468
Step 91: Loss = 0.10084094107151031
Step 92: Loss = 0.10380150377750397
Step 93: Loss = 0.08219975233078003
Step 94: Loss = 0.07250049710273743
Step 95: Loss = 0.08239507675170898
Step 96: Loss = 0.087244912981987
Step 97: Loss = 0.08009980618953705
Step 98: Loss = 0.09537690877914429
Step 99: Loss = 0.14069783687591553
Step 100: Loss = 0.08031746745109558
Step 101: Loss = 0.17743179202079773
Step 102: Loss = 0.07509711384773254
Step 103: Loss = 0.09586925804615021
Step 104: Loss = 0.11373856663703918
Step 105: Loss = 0.08433789759874344
Step 106: Loss = 0.10903263092041016
Step 107: Loss = 0.15646547079086304
Step 108: Loss = 0.09444895386695862
Step 109: Loss = 0.10509435832500458
Step 110: Loss = 0.08237655460834503
Step 111: Loss = 0.07411137223243713
Step 112: Loss = 0.11427164077758789
Step 113: Loss = 0.0914681926369667
Step 114: Loss = 0.087761789560318
Step 115: Loss = 0.08088874816894531
Step 116: Loss = 0.08346477150917053
Step 117: Loss = 0.08409430086612701
Step 118: Loss = 0.09094315022230148
Step 119: Loss = 0.07928654551506042
Step 120: Loss = 0.11778036504983902
Step 121: Loss = 0.12349611520767212
Step 122: Loss = 0.09435003995895386
Step 123: Loss = 0.08370637893676758
Step 124: Loss = 0.12776069343090057
Step 125: Loss = 0.10976742208003998
Step 126: Loss = 0.1008695662021637
Step 127: Loss = 0.07896283268928528
Step 128: Loss = 0.20216530561447144
Step 129: Loss = 0.15945275127887726
Step 130: Loss = 0.13762220740318298
Step 131: Loss = 0.0756838321685791
Step 132: Loss = 0.08284370601177216
Step 133: Loss = 0.09384226053953171
Step 134: Loss = 0.07921916246414185
Step 135: Loss = 0.14869028329849243
Step 136: Loss = 0.09066261351108551
Step 137: Loss = 0.09039703756570816
Step 138: Loss = 0.12753227353096008
Step 139: Loss = 0.07917163521051407
Step 140: Loss = 0.08538088202476501
Step 141: Loss = 0.11800405383110046
Step 142: Loss = 0.07803088426589966
Step 143: Loss = 0.1146915853023529
Step 144: Loss = 0.09207458794116974
Step 145: Loss = 0.08106458187103271
Step 146: Loss = 0.09134259819984436
Step 147: Loss = 0.17800132930278778
Step 148: Loss = 0.08667485415935516
Step 149: Loss = 0.0828632116317749
Step 150: Loss = 0.07665462791919708
Step 151: Loss = 0.10027308017015457
Step 152: Loss = 0.08116094022989273
Step 153: Loss = 0.117403544485569
Step 154: Loss = 0.11717714369297028
Step 155: Loss = 0.12891176342964172
Step 156: Loss = 0.08504688739776611
Step 157: Loss = 0.08675573021173477
Step 158: Loss = 0.09701994806528091
Step 159: Loss = 0.08622629940509796
Step 160: Loss = 0.08747195452451706
Step 161: Loss = 0.08564123511314392
Step 162: Loss = 0.0785164162516594
Step 163: Loss = 0.12328626960515976
Step 164: Loss = 0.08425719290971756
Step 165: Loss = 0.08571825921535492
Step 166: Loss = 0.11171957850456238
Step 167: Loss = 0.07252392917871475
Step 168: Loss = 0.08668167144060135
Step 169: Loss = 0.08717614412307739
Step 170: Loss = 0.07659466564655304
Step 171: Loss = 0.14765894412994385
Step 172: Loss = 0.07727320492267609
Step 173: Loss = 0.08810994774103165
Step 174: Loss = 0.15652406215667725
Step 175: Loss = 0.090133436024189
Step 176: Loss = 0.09644345194101334
Step 177: Loss = 0.1345575749874115
Step 178: Loss = 0.06866598129272461
Step 179: Loss = 0.0776202380657196
Step 180: Loss = 0.08623548597097397
Step 181: Loss = 0.07619781792163849
Step 182: Loss = 0.08978919684886932
Step 183: Loss = 0.076845683157444
Step 184: Loss = 0.09907884895801544
Step 185: Loss = 0.07292599976062775
Step 186: Loss = 0.10909920930862427
Step 187: Loss = 0.10368864983320236
Step 188: Loss = 0.09479744732379913
Step 189: Loss = 0.07746125757694244
Step 190: Loss = 0.07376562803983688
Step 191: Loss = 0.10195723176002502
Step 192: Loss = 0.12836888432502747
Step 193: Loss = 0.10728299617767334
Step 194: Loss = 0.129015251994133
Step 195: Loss = 0.08784738183021545
Step 196: Loss = 0.0929892361164093
Step 197: Loss = 0.08458581566810608
Step 198: Loss = 0.09115764498710632
Step 199: Loss = 0.09016284346580505
Step 200: Loss = 0.09930608421564102
Step 201: Loss = 0.07900157570838928
Step 202: Loss = 0.07929499447345734
Step 203: Loss = 0.105750672519207
Step 204: Loss = 0.08503873646259308
Step 205: Loss = 0.1231309100985527
Step 206: Loss = 0.10135894268751144
Step 207: Loss = 0.1114591509103775
Step 208: Loss = 0.0713915228843689
Step 209: Loss = 0.06718158721923828
Step 210: Loss = 0.08302746713161469
Step 211: Loss = 0.08341538906097412
Step 212: Loss = 0.09150558710098267
Step 213: Loss = 0.11234273761510849
Step 214: Loss = 0.10129515826702118
Step 215: Loss = 0.07709374278783798
Step 216: Loss = 0.09429536759853363
Step 217: Loss = 0.0667179673910141
Step 218: Loss = 0.17986378073692322
Step 219: Loss = 0.08573029190301895
Step 220: Loss = 0.23888109624385834
Step 221: Loss = 0.07364369928836823
Step 222: Loss = 0.08884422481060028
Step 223: Loss = 0.09661020338535309
Step 224: Loss = 0.06151637062430382
Step 225: Loss = 0.08055286854505539
Step 226: Loss = 0.08708886802196503
Step 227: Loss = 0.08696266263723373
Step 228: Loss = 0.06648378074169159
Step 229: Loss = 0.0695558488368988
Step 230: Loss = 0.08576373755931854
Step 231: Loss = 0.18017837405204773
Step 232: Loss = 0.07815651595592499
Step 233: Loss = 0.075474813580513
Step 234: Loss = 0.1411902904510498
Step 235: Loss = 0.13923205435276031
Step 236: Loss = 0.09036539494991302
Step 237: Loss = 0.10515491664409637
Step 238: Loss = 0.07619383186101913
Step 239: Loss = 0.12585818767547607
Step 240: Loss = 0.06961380690336227
Step 241: Loss = 0.07258656620979309
Step 242: Loss = 0.06756671518087387
Step 243: Loss = 0.06595547497272491
Step 244: Loss = 0.09522701054811478
Step 245: Loss = 0.0700211375951767
Step 246: Loss = 0.07360033690929413
Step 247: Loss = 0.09445228427648544
Step 248: Loss = 0.07299567759037018
Step 249: Loss = 0.08455420285463333
Step 250: Loss = 0.07072608172893524
Step 251: Loss = 0.0736413300037384
Step 252: Loss = 0.08451493829488754
Step 253: Loss = 0.10915428400039673
Step 254: Loss = 0.13405311107635498
Step 255: Loss = 0.11563615500926971
Step 256: Loss = 0.14359533786773682
Step 257: Loss = 0.103265181183815
Step 258: Loss = 0.0754433199763298
Step 259: Loss = 0.08749058842658997
Step 260: Loss = 0.08431664109230042
Step 261: Loss = 0.12124761193990707
Step 262: Loss = 0.0771256685256958
Step 263: Loss = 0.07018949091434479
Step 264: Loss = 0.07770857214927673
Step 265: Loss = 0.0695216953754425
Step 266: Loss = 0.07054465264081955
Step 267: Loss = 0.10755491256713867
Step 268: Loss = 0.07171183079481125
Step 269: Loss = 0.08786796033382416
Step 270: Loss = 0.09107948839664459
Step 271: Loss = 0.08343303203582764
Step 272: Loss = 0.07266342639923096
Step 273: Loss = 0.08428726345300674
Step 274: Loss = 0.06605024635791779
Step 275: Loss = 0.06627532094717026
Step 276: Loss = 0.10913563519716263
Step 277: Loss = 0.0863177552819252
Step 278: Loss = 0.06637957692146301
Step 279: Loss = 0.06607027351856232
Step 280: Loss = 0.08480004966259003
Step 281: Loss = 0.07863260805606842
Step 282: Loss = 0.09483315050601959
Step 283: Loss = 0.08931218832731247
Step 284: Loss = 0.08543898165225983
Step 285: Loss = 0.08672789484262466
Step 286: Loss = 0.07464668899774551
Step 287: Loss = 0.08046382665634155
Step 288: Loss = 0.12682120501995087
Step 289: Loss = 0.08217106759548187
Step 290: Loss = 0.06862836331129074
Step 291: Loss = 0.0864880234003067
Step 292: Loss = 0.09434966742992401
Step 293: Loss = 0.3040819764137268
Step 294: Loss = 0.06910905987024307
Step 295: Loss = 0.06683892011642456
Step 296: Loss = 0.07019073516130447
Step 297: Loss = 0.10140635073184967
Step 298: Loss = 0.06678324937820435
Step 299: Loss = 0.10541363060474396
Step 300: Loss = 0.07495947182178497
Step 301: Loss = 0.12889407575130463
Step 302: Loss = 0.10125051438808441
Step 303: Loss = 0.0705365240573883
Step 304: Loss = 0.06208772957324982
Step 305: Loss = 0.09847120940685272
Step 306: Loss = 0.07185608148574829
Step 307: Loss = 0.09238676726818085
Step 308: Loss = 0.07094575464725494
Step 309: Loss = 0.11708976328372955
Step 310: Loss = 0.07845266163349152
Step 311: Loss = 0.12209448218345642
Step 312: Loss = 0.07018111646175385
Step 313: Loss = 0.11137980967760086
Step 314: Loss = 0.0653354674577713
Step 315: Loss = 0.10245595872402191
Step 316: Loss = 0.09800301492214203
Step 317: Loss = 0.06306919455528259
Step 318: Loss = 0.06770534813404083
Step 319: Loss = 0.06965331733226776
Step 320: Loss = 0.10506400465965271
Step 321: Loss = 0.07444600015878677
Step 322: Loss = 0.07391487061977386
Step 323: Loss = 0.08131887763738632
Step 324: Loss = 0.08367803692817688
Step 325: Loss = 0.09857647120952606
Step 326: Loss = 0.07963705062866211
Step 327: Loss = 0.062233176082372665
Step 328: Loss = 0.0933336690068245
Step 329: Loss = 0.10078020393848419
Step 330: Loss = 0.05925801768898964
Step 331: Loss = 0.0784464031457901
Step 332: Loss = 0.07925109565258026
Step 333: Loss = 0.07174739241600037
Step 334: Loss = 0.061480775475502014
Step 335: Loss = 0.108124278485775
Step 336: Loss = 0.08432315289974213
Step 337: Loss = 0.07657702267169952
Step 338: Loss = 0.0735352486371994
Step 339: Loss = 0.09478268027305603
Step 340: Loss = 0.06306973099708557
Step 341: Loss = 0.06253956258296967
Step 342: Loss = 0.1152251809835434
Step 343: Loss = 0.126514732837677
Step 344: Loss = 0.1157250851392746
Step 345: Loss = 0.060787491500377655
Step 346: Loss = 0.0709095448255539
Step 347: Loss = 0.08110563457012177
Step 348: Loss = 0.1230364441871643
Step 349: Loss = 0.09029923379421234
Step 350: Loss = 0.08986317366361618
Step 351: Loss = 0.07056442648172379
Step 352: Loss = 0.07395044714212418
Step 353: Loss = 0.1430557668209076
Step 354: Loss = 0.10065773129463196
Step 355: Loss = 0.07264953851699829
Step 356: Loss = 0.05798249691724777
Step 357: Loss = 0.1941860020160675
Step 358: Loss = 0.0849854052066803
Step 359: Loss = 0.08680829405784607
Step 360: Loss = 0.0743418037891388
Step 361: Loss = 0.07299801707267761
Step 362: Loss = 0.0520511269569397
Step 363: Loss = 0.06902684271335602
Step 364: Loss = 0.07366285473108292
Step 365: Loss = 0.06129182130098343
Step 366: Loss = 0.09401817619800568
Step 367: Loss = 0.08771537244319916
Step 368: Loss = 0.08633425831794739
Step 369: Loss = 0.063804030418396
Step 370: Loss = 0.058193810284137726
Step 371: Loss = 0.09408791363239288
Step 372: Loss = 0.0701831728219986
Step 373: Loss = 0.06312884390354156
Step 374: Loss = 0.05307364836335182
Step 375: Loss = 0.10454763472080231
Step 376: Loss = 0.07926557958126068
Step 377: Loss = 0.06253424286842346
Step 378: Loss = 0.11613687872886658
Step 379: Loss = 0.06771107017993927
Step 380: Loss = 0.07874272763729095
Step 381: Loss = 0.07657825946807861
Step 382: Loss = 0.061832379549741745
Step 383: Loss = 0.08442271500825882
Step 384: Loss = 0.08229222893714905
Step 385: Loss = 0.0891040787100792
Step 386: Loss = 0.06995907425880432
Step 387: Loss = 0.058533988893032074
Step 388: Loss = 0.07418031990528107
Step 389: Loss = 0.06942468881607056
Step 390: Loss = 0.07210732996463776
Step 391: Loss = 0.06728975474834442
Step 392: Loss = 0.07712975144386292
Step 393: Loss = 0.07677391171455383
Step 394: Loss = 0.07069480419158936
Step 395: Loss = 0.07768769562244415
Step 396: Loss = 0.07983173429965973
Step 397: Loss = 0.07399549335241318
Step 398: Loss = 0.07377338409423828
Step 399: Loss = 0.07075123488903046
Step 400: Loss = 0.18814638257026672
Step 401: Loss = 0.07790660858154297
Step 402: Loss = 0.08226094394922256
Step 403: Loss = 0.06702640652656555
Step 404: Loss = 0.07160468399524689
Step 405: Loss = 0.0699862390756607
Step 406: Loss = 0.0899256095290184
Step 407: Loss = 0.09622670710086823
Step 408: Loss = 0.07278359681367874
Step 409: Loss = 0.07080066204071045
Step 410: Loss = 0.06239812448620796
Step 411: Loss = 0.075782909989357
Step 412: Loss = 0.08143925666809082
Step 413: Loss = 0.05428677052259445
Step 414: Loss = 0.0802883505821228
Step 415: Loss = 0.07025466859340668
Step 416: Loss = 0.08360737562179565
Step 417: Loss = 0.08051710575819016
Step 418: Loss = 0.0658186823129654
Step 419: Loss = 0.135999396443367
Step 420: Loss = 0.07708899676799774
Step 421: Loss = 0.0812540277838707
Step 422: Loss = 0.08565092086791992
Step 423: Loss = 0.0621410496532917
Step 424: Loss = 0.1000657007098198
Step 425: Loss = 0.07824376970529556
Step 426: Loss = 0.11896669864654541
Step 427: Loss = 0.0647878646850586
Step 428: Loss = 0.0870794951915741
Step 429: Loss = 0.07246765494346619
Step 430: Loss = 0.06760694831609726
Step 431: Loss = 0.06675124168395996
Step 432: Loss = 0.06613527238368988
Step 433: Loss = 0.07632188498973846
Step 434: Loss = 0.08880682289600372
Step 435: Loss = 0.08759967982769012
Step 436: Loss = 0.12023363262414932
Step 437: Loss = 0.09428109228610992
Step 438: Loss = 0.08638052642345428
Step 439: Loss = 0.06537000834941864
Step 440: Loss = 0.09342104941606522
Step 441: Loss = 0.06159668043255806
Step 442: Loss = 0.09535713493824005
Step 443: Loss = 0.07808731496334076
Step 444: Loss = 0.0711720660328865
Step 445: Loss = 0.06387617439031601
Step 446: Loss = 0.07394888997077942
Step 447: Loss = 0.07274794578552246
Step 448: Loss = 0.08841295540332794
Step 449: Loss = 0.07863792032003403
Step 450: Loss = 0.059026822447776794
Step 451: Loss = 0.07712617516517639
Step 452: Loss = 0.06532321870326996
Step 453: Loss = 0.07087446749210358
Step 454: Loss = 0.07472063601016998
Step 455: Loss = 0.06756103038787842
Step 456: Loss = 0.09332552552223206
Step 457: Loss = 0.07758087664842606
Step 458: Loss = 0.05983816087245941
Step 459: Loss = 0.08587300777435303
Step 460: Loss = 0.06039174273610115
Step 461: Loss = 0.10133351385593414
Step 462: Loss = 0.08203589171171188
Step 463: Loss = 0.058259204030036926
Step 464: Loss = 0.059252940118312836
Step 465: Loss = 0.07801574468612671
Step 466: Loss = 0.06856673955917358
Step 467: Loss = 0.056715138256549835
Step 468: Loss = 0.06598854064941406
Step 469: Loss = 0.07619258016347885
Step 470: Loss = 0.08319391310214996
Step 471: Loss = 0.1144794225692749
Step 472: Loss = 0.06520968675613403
Step 473: Loss = 0.06053153797984123
Step 474: Loss = 0.08428548276424408
Step 475: Loss = 0.07225170731544495
Step 476: Loss = 0.06613312661647797
Step 477: Loss = 0.0723424106836319
Step 478: Loss = 0.12750853598117828
Step 479: Loss = 0.08260028809309006
Step 480: Loss = 0.13101842999458313
Step 481: Loss = 0.3168661892414093
Step 482: Loss = 0.07449141144752502
Step 483: Loss = 0.06427051872015
Step 484: Loss = 0.07807175815105438
Step 485: Loss = 0.07010471075773239
Step 486: Loss = 0.07059842348098755
Step 487: Loss = 0.06339539587497711
Step 488: Loss = 0.08899048715829849
Step 489: Loss = 0.07010073959827423
Step 490: Loss = 0.07312449812889099
Step 491: Loss = 0.06848253309726715
Step 492: Loss = 0.08983981609344482
Step 493: Loss = 0.10912225395441055
Step 494: Loss = 0.06424275040626526
Step 495: Loss = 0.06575648486614227
Step 496: Loss = 0.08419743180274963
Step 497: Loss = 0.08645923435688019
Step 498: Loss = 0.05863583832979202
Step 499: Loss = 0.09096890687942505
Warning: The cache directory for DeepSpeed Triton autotune, /dcs/pg24/u5649209/.triton/autotune, appears to be on an NFS system. While this is generally acceptable, if you experience slowdowns or hanging when DeepSpeed exits, it is recommended to set the TRITON_CACHE_DIR environment variable to a non-NFS path.
cuda
cuda
cuda
cuda
cuda
cuda
Warning: The cache directory for DeepSpeed Triton autotune, /dcs/pg24/u5649209/.triton/autotune, appears to be on an NFS system. While this is generally acceptable, if you experience slowdowns or hanging when DeepSpeed exits, it is recommended to set the TRITON_CACHE_DIR environment variable to a non-NFS path.
cuda
cuda
cuda
cuda
cuda
cuda
Warning: The cache directory for DeepSpeed Triton autotune, /dcs/pg24/u5649209/.triton/autotune, appears to be on an NFS system. While this is generally acceptable, if you experience slowdowns or hanging when DeepSpeed exits, it is recommended to set the TRITON_CACHE_DIR environment variable to a non-NFS path.
cuda
cuda
cuda
cuda
cuda
cuda
Warning: The cache directory for DeepSpeed Triton autotune, /dcs/pg24/u5649209/.triton/autotune, appears to be on an NFS system. While this is generally acceptable, if you experience slowdowns or hanging when DeepSpeed exits, it is recommended to set the TRITON_CACHE_DIR environment variable to a non-NFS path.
cuda
cuda
cuda
cuda
cuda
cuda
Warning: The cache directory for DeepSpeed Triton autotune, /dcs/pg24/u5649209/.triton/autotune, appears to be on an NFS system. While this is generally acceptable, if you experience slowdowns or hanging when DeepSpeed exits, it is recommended to set the TRITON_CACHE_DIR environment variable to a non-NFS path.
cuda
cuda
cuda
cuda
cuda
cuda
