Warning: The cache directory for DeepSpeed Triton autotune, /dcs/pg24/u5649209/.triton/autotune, appears to be on an NFS system. While this is generally acceptable, if you experience slowdowns or hanging when DeepSpeed exits, it is recommended to set the TRITON_CACHE_DIR environment variable to a non-NFS path.
output_dir /dcs/pg24/u5649209/data/workspace/diffusers/slurm/dog-base
PyTorch version is >= 2.5.0, check pass.
num_train_epochs: 50
Step 0: Loss = 0.15562286972999573
Step 1: Loss = 0.136467844247818
Step 2: Loss = 0.12654104828834534
Step 3: Loss = 0.1469895839691162
Step 4: Loss = 0.1523144245147705
Step 5: Loss = 0.15773428976535797
Step 6: Loss = 0.17082816362380981
Step 7: Loss = 0.141139954328537
Step 8: Loss = 0.10440513491630554
Step 9: Loss = 0.147642582654953
Step 10: Loss = 0.10647179186344147
Step 11: Loss = 0.14151088893413544
Step 12: Loss = 0.13113084435462952
Step 13: Loss = 0.09438907355070114
Step 14: Loss = 0.10206790268421173
Step 15: Loss = 0.08642639964818954
Step 16: Loss = 0.12527206540107727
Step 17: Loss = 0.11147994548082352
Step 18: Loss = 0.09847705066204071
Step 19: Loss = 0.10877833515405655
Step 20: Loss = 0.08358191698789597
Step 21: Loss = 0.11545543372631073
Step 22: Loss = 0.12213795632123947
Step 23: Loss = 0.12170565873384476
Step 24: Loss = 0.10489970445632935
Step 25: Loss = 0.11238841712474823
Step 26: Loss = 0.11786232888698578
Step 27: Loss = 0.10328134894371033
Step 28: Loss = 0.11193018406629562
Step 29: Loss = 0.08878844976425171
Step 30: Loss = 0.09146536141633987
Step 31: Loss = 0.11601075530052185
Step 32: Loss = 0.14610393345355988
Step 33: Loss = 0.11843167245388031
Step 34: Loss = 0.08334517478942871
Step 35: Loss = 0.1291981190443039
Step 36: Loss = 0.08764530718326569
Step 37: Loss = 0.09965938329696655
Step 38: Loss = 0.12244799733161926
Step 39: Loss = 0.1252761036157608
Step 40: Loss = 0.1860610842704773
Step 41: Loss = 0.0995602160692215
Step 42: Loss = 0.09832250326871872
Step 43: Loss = 0.0951123833656311
Step 44: Loss = 0.10464341938495636
Step 45: Loss = 0.09514980018138885
Step 46: Loss = 0.13122479617595673
Step 47: Loss = 0.0876922532916069
Step 48: Loss = 0.08141560852527618
Step 49: Loss = 0.09769991785287857
Step 50: Loss = 0.11278877407312393
Step 51: Loss = 0.09607657790184021
Step 52: Loss = 0.10222935676574707
Step 53: Loss = 0.15146847069263458
Step 54: Loss = 0.08657380193471909
Step 55: Loss = 0.08671977370977402
Step 56: Loss = 0.24176941812038422
Step 57: Loss = 0.14265917241573334
Step 58: Loss = 0.11315598338842392
Step 59: Loss = 0.09569758176803589
Step 60: Loss = 0.08947333693504333
Step 61: Loss = 0.1841452568769455
Step 62: Loss = 0.09971483796834946
Step 63: Loss = 0.12299028038978577
Step 64: Loss = 0.09589123725891113
Step 65: Loss = 0.09758156538009644
Step 66: Loss = 0.09318651258945465
Step 67: Loss = 0.09144965559244156
Step 68: Loss = 0.1147255003452301
Step 69: Loss = 0.08637630194425583
Step 70: Loss = 0.0873149186372757
Step 71: Loss = 0.07717859745025635
Step 72: Loss = 0.1290263682603836
Step 73: Loss = 0.0984203964471817
Step 74: Loss = 0.09614232927560806
Step 75: Loss = 0.11240901052951813
Step 76: Loss = 0.08220522105693817
Step 77: Loss = 0.0989140048623085
Step 78: Loss = 0.0786624401807785
Step 79: Loss = 0.0839974582195282
Step 80: Loss = 0.08808112144470215
Step 81: Loss = 0.08041396737098694
Step 82: Loss = 0.12179382145404816
Step 83: Loss = 0.09652169048786163
Step 84: Loss = 0.10155192762613297
Step 85: Loss = 0.10289429128170013
Step 86: Loss = 0.08740038424730301
Step 87: Loss = 0.08827836811542511
Step 88: Loss = 0.0787888765335083
Step 89: Loss = 0.09048609435558319
Step 90: Loss = 0.09194927662611008
Step 91: Loss = 0.11354626715183258
Step 92: Loss = 0.1065153107047081
Step 93: Loss = 0.08721351623535156
Step 94: Loss = 0.07402974367141724
Step 95: Loss = 0.08279861509799957
Step 96: Loss = 0.08670218288898468
Step 97: Loss = 0.08197267353534698
Step 98: Loss = 0.094896100461483
Step 99: Loss = 0.14042934775352478
Step 100: Loss = 0.08978217840194702
Step 101: Loss = 0.1781870722770691
Step 102: Loss = 0.06769049912691116
Step 103: Loss = 0.0883762389421463
Step 104: Loss = 0.11734013259410858
Step 105: Loss = 0.08218997716903687
Step 106: Loss = 0.1174575611948967
Step 107: Loss = 0.15634772181510925
Step 108: Loss = 0.09545847028493881
Step 109: Loss = 0.10696069151163101
Step 110: Loss = 0.0806012898683548
Step 111: Loss = 0.07416374981403351
Step 112: Loss = 0.11613617837429047
Step 113: Loss = 0.09119848906993866
Step 114: Loss = 0.0884929820895195
Step 115: Loss = 0.08030562102794647
Step 116: Loss = 0.08112825453281403
Step 117: Loss = 0.08302226662635803
Step 118: Loss = 0.08645278960466385
Step 119: Loss = 0.07898198068141937
Step 120: Loss = 0.11592797935009003
Step 121: Loss = 0.12276577204465866
Step 122: Loss = 0.09241767227649689
Step 123: Loss = 0.08289600163698196
Step 124: Loss = 0.13250088691711426
Step 125: Loss = 0.11055051535367966
Step 126: Loss = 0.09480015933513641
Step 127: Loss = 0.077352374792099
Step 128: Loss = 0.20342491567134857
Step 129: Loss = 0.15737676620483398
Step 130: Loss = 0.13917039334774017
Step 131: Loss = 0.07627791166305542
Step 132: Loss = 0.08132675290107727
Step 133: Loss = 0.09300391376018524
Step 134: Loss = 0.08048731088638306
Step 135: Loss = 0.1513998806476593
Step 136: Loss = 0.08483786880970001
Step 137: Loss = 0.08807098865509033
Step 138: Loss = 0.12438533455133438
Step 139: Loss = 0.07855647802352905
Step 140: Loss = 0.08767092227935791
Step 141: Loss = 0.12369023263454437
Step 142: Loss = 0.08204987645149231
Step 143: Loss = 0.11489798873662949
Step 144: Loss = 0.09208892285823822
Step 145: Loss = 0.08225385844707489
Step 146: Loss = 0.08353760838508606
Step 147: Loss = 0.17856694757938385
Step 148: Loss = 0.0914275050163269
Step 149: Loss = 0.08197960257530212
Step 150: Loss = 0.07569824159145355
Step 151: Loss = 0.09841222316026688
Step 152: Loss = 0.08193524181842804
Step 153: Loss = 0.1119924858212471
Step 154: Loss = 0.11597707867622375
Step 155: Loss = 0.12852776050567627
Step 156: Loss = 0.08837924152612686
Step 157: Loss = 0.08579130470752716
Step 158: Loss = 0.09373825788497925
Step 159: Loss = 0.0866612121462822
Step 160: Loss = 0.08647549897432327
Step 161: Loss = 0.08470959961414337
Step 162: Loss = 0.07629628479480743
Step 163: Loss = 0.12440046668052673
Step 164: Loss = 0.08517803251743317
Step 165: Loss = 0.08728041499853134
Step 166: Loss = 0.11028438061475754
Step 167: Loss = 0.06783389300107956
Step 168: Loss = 0.0878797098994255
Step 169: Loss = 0.09202241897583008
Step 170: Loss = 0.07692523300647736
Step 171: Loss = 0.149664044380188
Step 172: Loss = 0.08070503175258636
Step 173: Loss = 0.08432605862617493
Step 174: Loss = 0.15856745839118958
Step 175: Loss = 0.08881718665361404
Step 176: Loss = 0.08020060509443283
Step 177: Loss = 0.1282612383365631
Step 178: Loss = 0.0703928992152214
Step 179: Loss = 0.08176786452531815
Step 180: Loss = 0.08601193130016327
Step 181: Loss = 0.0806751474738121
Step 182: Loss = 0.08795937895774841
Step 183: Loss = 0.07628828287124634
Step 184: Loss = 0.09906979650259018
Step 185: Loss = 0.0719509869813919
Step 186: Loss = 0.10927845537662506
Step 187: Loss = 0.09728962928056717
Step 188: Loss = 0.09514713287353516
Step 189: Loss = 0.07941678166389465
Step 190: Loss = 0.07320869714021683
Step 191: Loss = 0.09842867404222488
Step 192: Loss = 0.1251983344554901
Step 193: Loss = 0.10801072418689728
Step 194: Loss = 0.12267835438251495
Step 195: Loss = 0.08754339814186096
Step 196: Loss = 0.09089179337024689
Step 197: Loss = 0.08389288187026978
Step 198: Loss = 0.0908232182264328
Step 199: Loss = 0.08987466990947723
Step 200: Loss = 0.1066429615020752
Step 201: Loss = 0.08078594505786896
Step 202: Loss = 0.07792466133832932
Step 203: Loss = 0.09354274719953537
Step 204: Loss = 0.08992200344800949
Step 205: Loss = 0.1235247328877449
Step 206: Loss = 0.101838618516922
Step 207: Loss = 0.11175031214952469
Step 208: Loss = 0.07130888104438782
Step 209: Loss = 0.06933419406414032
Step 210: Loss = 0.07918476313352585
Step 211: Loss = 0.08595730364322662
Step 212: Loss = 0.09559019654989243
Step 213: Loss = 0.11152945458889008
Step 214: Loss = 0.10349082946777344
Step 215: Loss = 0.07723402976989746
Step 216: Loss = 0.09480957686901093
Step 217: Loss = 0.07391096651554108
Step 218: Loss = 0.18283286690711975
Step 219: Loss = 0.08837564289569855
Step 220: Loss = 0.24020379781723022
Step 221: Loss = 0.07770556211471558
Step 222: Loss = 0.09078598022460938
Step 223: Loss = 0.11143088340759277
Step 224: Loss = 0.06270567327737808
Step 225: Loss = 0.08018657565116882
Step 226: Loss = 0.08290442824363708
Step 227: Loss = 0.0876690223813057
Step 228: Loss = 0.07521888613700867
Step 229: Loss = 0.06507311761379242
Step 230: Loss = 0.08525802940130234
Step 231: Loss = 0.18096144497394562
Step 232: Loss = 0.07406944781541824
Step 233: Loss = 0.07244350016117096
Step 234: Loss = 0.13914720714092255
Step 235: Loss = 0.13878284394741058
Step 236: Loss = 0.09232219308614731
Step 237: Loss = 0.10216573625802994
Step 238: Loss = 0.07201334834098816
Step 239: Loss = 0.12529879808425903
Step 240: Loss = 0.06491866707801819
Step 241: Loss = 0.07028993219137192
Step 242: Loss = 0.06505481153726578
Step 243: Loss = 0.06600002199411392
Step 244: Loss = 0.09403932094573975
Step 245: Loss = 0.06875089555978775
Step 246: Loss = 0.07293735444545746
Step 247: Loss = 0.07494980841875076
Step 248: Loss = 0.07110864669084549
Step 249: Loss = 0.08388809859752655
Step 250: Loss = 0.06992208957672119
Step 251: Loss = 0.07227747142314911
Step 252: Loss = 0.0815444365143776
Step 253: Loss = 0.10867629200220108
Step 254: Loss = 0.15509310364723206
Step 255: Loss = 0.11695409566164017
Step 256: Loss = 0.13802620768547058
Step 257: Loss = 0.10670764744281769
Step 258: Loss = 0.07501237839460373
Step 259: Loss = 0.09045814722776413
Step 260: Loss = 0.08484721183776855
Step 261: Loss = 0.1274721324443817
Step 262: Loss = 0.08013030886650085
Step 263: Loss = 0.0710284560918808
Step 264: Loss = 0.07923100888729095
Step 265: Loss = 0.06994152069091797
Step 266: Loss = 0.07351921498775482
Step 267: Loss = 0.11019180715084076
Step 268: Loss = 0.07371345162391663
Step 269: Loss = 0.0878821313381195
Step 270: Loss = 0.09267037361860275
Step 271: Loss = 0.090959832072258
Step 272: Loss = 0.07444071024656296
Step 273: Loss = 0.0927414521574974
Step 274: Loss = 0.0677676722407341
Step 275: Loss = 0.06506845355033875
Step 276: Loss = 0.11090772598981857
Step 277: Loss = 0.08216184377670288
Step 278: Loss = 0.06591830402612686
Step 279: Loss = 0.06569106131792068
Step 280: Loss = 0.08390001952648163
Step 281: Loss = 0.07866454869508743
Step 282: Loss = 0.10625927895307541
Step 283: Loss = 0.08752312511205673
Step 284: Loss = 0.08615362644195557
Step 285: Loss = 0.08391468226909637
Step 286: Loss = 0.07615059614181519
Step 287: Loss = 0.086266428232193
Step 288: Loss = 0.12742137908935547
Step 289: Loss = 0.0786454975605011
Step 290: Loss = 0.06895874440670013
Step 291: Loss = 0.09661655128002167
Step 292: Loss = 0.09556880593299866
Step 293: Loss = 0.3028534948825836
Step 294: Loss = 0.07072755694389343
Step 295: Loss = 0.07585373520851135
Step 296: Loss = 0.07215629518032074
Step 297: Loss = 0.09781914949417114
Step 298: Loss = 0.0699843168258667
Step 299: Loss = 0.10824558138847351
Step 300: Loss = 0.08065778762102127
Step 301: Loss = 0.1306230127811432
Step 302: Loss = 0.1014215424656868
Step 303: Loss = 0.07234804332256317
Step 304: Loss = 0.06391138583421707
Step 305: Loss = 0.10477620363235474
Step 306: Loss = 0.07206931710243225
Step 307: Loss = 0.0939597487449646
Step 308: Loss = 0.07351796329021454
Step 309: Loss = 0.10731105506420135
Step 310: Loss = 0.07889187335968018
Step 311: Loss = 0.12233436107635498
Step 312: Loss = 0.06575595587491989
Step 313: Loss = 0.11359639465808868
Step 314: Loss = 0.06416432559490204
Step 315: Loss = 0.09014036506414413
Step 316: Loss = 0.10010860860347748
Step 317: Loss = 0.06245503947138786
Step 318: Loss = 0.06828206777572632
Step 319: Loss = 0.0681578665971756
Step 320: Loss = 0.10997495800256729
Step 321: Loss = 0.0740978866815567
Step 322: Loss = 0.07540348917245865
Step 323: Loss = 0.08222700655460358
Step 324: Loss = 0.0831475630402565
Step 325: Loss = 0.10061267763376236
Step 326: Loss = 0.07818928360939026
Step 327: Loss = 0.06302174925804138
Step 328: Loss = 0.0849049836397171
Step 329: Loss = 0.10742159187793732
Step 330: Loss = 0.06054859608411789
Step 331: Loss = 0.07786499708890915
Step 332: Loss = 0.08100506663322449
Step 333: Loss = 0.07625389844179153
Step 334: Loss = 0.07108521461486816
Step 335: Loss = 0.11070533096790314
Step 336: Loss = 0.08453107625246048
Step 337: Loss = 0.07589098811149597
Step 338: Loss = 0.06790430843830109
Step 339: Loss = 0.09563867747783661
Step 340: Loss = 0.06150347739458084
Step 341: Loss = 0.06255738437175751
Step 342: Loss = 0.11407431960105896
Step 343: Loss = 0.12629052996635437
Step 344: Loss = 0.11395662277936935
Step 345: Loss = 0.06007227674126625
Step 346: Loss = 0.07265537977218628
Step 347: Loss = 0.08158855140209198
Step 348: Loss = 0.1238943412899971
Step 349: Loss = 0.09204832464456558
Step 350: Loss = 0.08996569365262985
Step 351: Loss = 0.07338586449623108
Step 352: Loss = 0.07500936090946198
Step 353: Loss = 0.1462554931640625
Step 354: Loss = 0.10064221173524857
Step 355: Loss = 0.07269442826509476
Step 356: Loss = 0.053923312574625015
Step 357: Loss = 0.19438670575618744
Step 358: Loss = 0.08503145724534988
Step 359: Loss = 0.0871293768286705
Step 360: Loss = 0.07365575432777405
Step 361: Loss = 0.07100318372249603
Step 362: Loss = 0.05051375925540924
Step 363: Loss = 0.0692019909620285
Step 364: Loss = 0.07442602515220642
Step 365: Loss = 0.06383080780506134
Step 366: Loss = 0.09492778033018112
Step 367: Loss = 0.08777414262294769
Step 368: Loss = 0.08552023768424988
Step 369: Loss = 0.061776064336299896
Step 370: Loss = 0.058041442185640335
Step 371: Loss = 0.09686307609081268
Step 372: Loss = 0.0690285786986351
Step 373: Loss = 0.06280705332756042
Step 374: Loss = 0.05328371748328209
Step 375: Loss = 0.10366898775100708
Step 376: Loss = 0.07374238967895508
Step 377: Loss = 0.05267366021871567
Step 378: Loss = 0.11617755144834518
Step 379: Loss = 0.06728626042604446
Step 380: Loss = 0.07726112008094788
Step 381: Loss = 0.0759812593460083
Step 382: Loss = 0.0637451708316803
Step 383: Loss = 0.07546865195035934
Step 384: Loss = 0.09571777284145355
Step 385: Loss = 0.09039992094039917
Step 386: Loss = 0.069333516061306
Step 387: Loss = 0.058619141578674316
Step 388: Loss = 0.07458022236824036
Step 389: Loss = 0.06799620389938354
Step 390: Loss = 0.06936861574649811
Step 391: Loss = 0.0676727145910263
Step 392: Loss = 0.07715129107236862
Step 393: Loss = 0.07712584733963013
Step 394: Loss = 0.07365114986896515
Step 395: Loss = 0.07892618328332901
Step 396: Loss = 0.07863081246614456
Step 397: Loss = 0.07491351664066315
Step 398: Loss = 0.07443837076425552
Step 399: Loss = 0.07429967075586319
Step 400: Loss = 0.18843340873718262
Step 401: Loss = 0.0763809084892273
Step 402: Loss = 0.08526204526424408
Step 403: Loss = 0.06869518011808395
Step 404: Loss = 0.07143551111221313
Step 405: Loss = 0.07088973373174667
Step 406: Loss = 0.09031574428081512
Step 407: Loss = 0.0867636427283287
Step 408: Loss = 0.07843248546123505
Step 409: Loss = 0.07110229134559631
Step 410: Loss = 0.061413899064064026
Step 411: Loss = 0.07563520967960358
Step 412: Loss = 0.07851859927177429
Step 413: Loss = 0.053479041904211044
Step 414: Loss = 0.06927958130836487
Step 415: Loss = 0.07204677909612656
Step 416: Loss = 0.08511511981487274
Step 417: Loss = 0.08406917005777359
Step 418: Loss = 0.06626573204994202
Step 419: Loss = 0.13625167310237885
Step 420: Loss = 0.06683973968029022
Step 421: Loss = 0.07996704429388046
Step 422: Loss = 0.09549161791801453
Step 423: Loss = 0.05963835120201111
Step 424: Loss = 0.09985148161649704
Step 425: Loss = 0.07809585332870483
Step 426: Loss = 0.11920294910669327
Step 427: Loss = 0.0727635994553566
Step 428: Loss = 0.08274891972541809
Step 429: Loss = 0.07208523154258728
Step 430: Loss = 0.06705369055271149
Step 431: Loss = 0.06670999526977539
Step 432: Loss = 0.06471285223960876
Step 433: Loss = 0.07788410037755966
Step 434: Loss = 0.09879845380783081
Step 435: Loss = 0.08642861247062683
Step 436: Loss = 0.12122513353824615
Step 437: Loss = 0.09773553162813187
Step 438: Loss = 0.08386921882629395
Step 439: Loss = 0.0686056986451149
Step 440: Loss = 0.09990383684635162
Step 441: Loss = 0.06166189908981323
Step 442: Loss = 0.09600931406021118
Step 443: Loss = 0.07740698009729385
Step 444: Loss = 0.07107985764741898
Step 445: Loss = 0.06437967717647552
Step 446: Loss = 0.07329672574996948
Step 447: Loss = 0.07388344407081604
Step 448: Loss = 0.08723359555006027
Step 449: Loss = 0.07348689436912537
Step 450: Loss = 0.061957620084285736
Step 451: Loss = 0.07659559696912766
Step 452: Loss = 0.0698690414428711
Step 453: Loss = 0.07092952728271484
Step 454: Loss = 0.07761569321155548
Step 455: Loss = 0.06701973080635071
Step 456: Loss = 0.09410309791564941
Step 457: Loss = 0.07585050165653229
Step 458: Loss = 0.06022968515753746
Step 459: Loss = 0.0837416872382164
Step 460: Loss = 0.059857577085494995
Step 461: Loss = 0.10175676643848419
Step 462: Loss = 0.07308822870254517
Step 463: Loss = 0.05760126933455467
Step 464: Loss = 0.05886412411928177
Step 465: Loss = 0.07606013864278793
Step 466: Loss = 0.06992058455944061
Step 467: Loss = 0.05519105866551399
Step 468: Loss = 0.06412342935800552
Step 469: Loss = 0.06834559142589569
Step 470: Loss = 0.08183668553829193
Step 471: Loss = 0.11092616617679596
Step 472: Loss = 0.05689292773604393
Step 473: Loss = 0.057509295642375946
Step 474: Loss = 0.07850991189479828
Step 475: Loss = 0.0714399516582489
Step 476: Loss = 0.061868440359830856
Step 477: Loss = 0.07121812552213669
Step 478: Loss = 0.12413418292999268
Step 479: Loss = 0.07039770483970642
Step 480: Loss = 0.12935782968997955
Step 481: Loss = 0.3157798647880554
Step 482: Loss = 0.06875128298997879
Step 483: Loss = 0.06925097852945328
Step 484: Loss = 0.07432122528553009
Step 485: Loss = 0.07300536334514618
Step 486: Loss = 0.06566489487886429
Step 487: Loss = 0.0630822703242302
Step 488: Loss = 0.08307589590549469
Step 489: Loss = 0.06910966336727142
Step 490: Loss = 0.07328514009714127
Step 491: Loss = 0.06650678813457489
Step 492: Loss = 0.09581154584884644
Step 493: Loss = 0.10782598704099655
Step 494: Loss = 0.06366204470396042
Step 495: Loss = 0.06663330644369125
Step 496: Loss = 0.08181455731391907
Step 497: Loss = 0.09686329215765
Step 498: Loss = 0.05857166647911072
Step 499: Loss = 0.08414611220359802
Warning: The cache directory for DeepSpeed Triton autotune, /dcs/pg24/u5649209/.triton/autotune, appears to be on an NFS system. While this is generally acceptable, if you experience slowdowns or hanging when DeepSpeed exits, it is recommended to set the TRITON_CACHE_DIR environment variable to a non-NFS path.
cuda
cuda
cuda
cuda
cuda
cuda
Warning: The cache directory for DeepSpeed Triton autotune, /dcs/pg24/u5649209/.triton/autotune, appears to be on an NFS system. While this is generally acceptable, if you experience slowdowns or hanging when DeepSpeed exits, it is recommended to set the TRITON_CACHE_DIR environment variable to a non-NFS path.
